[03:12:42] [main/INFO]: Loading Minecraft 1.20.1 with Fabric Loader 0.16.14
[03:12:42] [ForkJoinPool-1-worker-2/WARN]: The mod "farm_and_charm" contains invalid entries in its mod json:
- Unsupported root entry "credits" at line 10 column 12
[03:12:42] [ForkJoinPool-1-worker-4/WARN]: Mod naturalist uses the version 5.0pre2 which isn't compatible with Loader's extended semantic version format (Could not parse version number component '0pre2'!), SemVer is recommended for reliably evaluating dependencies and prioritizing newer version
[03:12:42] [main/WARN]: Warnings were found!
 - Mod '[Let's Do] Farm & Charm' (farm_and_charm) 1.0.6 conflicts with any version before 2.0.0 of mod '[Let's Do] Bakery' (bakery), which is present with the following versions: 1.1.15!
	 - While this won't prevent you from starting the game, the developer(s) of mod '[Let's Do] Farm & Charm' (farm_and_charm) have found that this combination may cause issues. You should remove one of the mods or check for updates that resolve the issue.
[03:12:42] [main/INFO]: Loading 91 mods:
	- another_furniture 1.20.1-3.0.1
	- architectury 9.2.14
	- bakery 1.1.15
	- balm 7.3.27
	   \-- kuma_api 20.1.10
	- biomesoplenty 19.0.0.96
	- cloth-config 11.1.136
	   \-- cloth-basic-math 0.6.1
	- crittersandcompanions 2.2.2
	   |-- porting_lib_attributes 2.3.4+1.20.1
	   |    |-- porting_lib_core 2.3.4+1.20.1
	   |    \-- reach-entity-attributes 2.4.0
	   \-- porting_lib_entity 2.3.4+1.20.1
	        |-- porting_lib_core 2.3.4+1.20.1
	        \-- porting_lib_mixin_extensions 2.3.4+1.20.1
	- doapi 1.2.15
	   |-- blue_endless_jankson 1.2.1
	   \-- terraform-wood-api-v1 7.0.1
	- fabric-api 0.92.5+1.20.1
	   |-- fabric-api-base 0.4.32+1802ada577
	   |-- fabric-api-lookup-api-v1 1.6.37+1802ada577
	   |-- fabric-biome-api-v1 13.0.14+1802ada577
	   |-- fabric-block-api-v1 1.0.12+1802ada577
	   |-- fabric-block-view-api-v2 1.0.3+924f046a77
	   |-- fabric-blockrenderlayer-v1 1.1.42+1802ada577
	   |-- fabric-client-tags-api-v1 1.1.3+1802ada577
	   |-- fabric-command-api-v1 1.2.35+f71b366f77
	   |-- fabric-command-api-v2 2.2.14+1802ada577
	   |-- fabric-commands-v0 0.2.52+df3654b377
	   |-- fabric-containers-v0 0.1.66+df3654b377
	   |-- fabric-content-registries-v0 4.0.13+1802ada577
	   |-- fabric-convention-tags-v1 1.5.6+1802ada577
	   |-- fabric-crash-report-info-v1 0.2.20+1802ada577
	   |-- fabric-data-attachment-api-v1 1.0.2+de0fd6d177
	   |-- fabric-data-generation-api-v1 12.3.6+1802ada577
	   |-- fabric-dimensions-v1 2.1.55+1802ada577
	   |-- fabric-entity-events-v1 1.6.1+1c78457f77
	   |-- fabric-events-interaction-v0 0.6.4+13a40c6677
	   |-- fabric-events-lifecycle-v0 0.2.64+df3654b377
	   |-- fabric-game-rule-api-v1 1.0.41+1802ada577
	   |-- fabric-item-api-v1 2.1.29+1802ada577
	   |-- fabric-item-group-api-v1 4.0.14+1802ada577
	   |-- fabric-key-binding-api-v1 1.0.38+1802ada577
	   |-- fabric-keybindings-v0 0.2.36+df3654b377
	   |-- fabric-lifecycle-events-v1 2.2.23+1802ada577
	   |-- fabric-loot-api-v2 1.2.3+1802ada577
	   |-- fabric-loot-tables-v1 1.1.47+9e7660c677
	   |-- fabric-message-api-v1 5.1.10+1802ada577
	   |-- fabric-mining-level-api-v1 2.1.52+1802ada577
	   |-- fabric-model-loading-api-v1 1.0.4+1802ada577
	   |-- fabric-models-v0 0.4.3+9386d8a777
	   |-- fabric-networking-api-v1 1.3.13+13a40c6677
	   |-- fabric-networking-v0 0.3.53+df3654b377
	   |-- fabric-object-builder-api-v1 11.1.5+e35120df77
	   |-- fabric-particles-v1 1.1.3+1802ada577
	   |-- fabric-recipe-api-v1 1.0.23+1802ada577
	   |-- fabric-registry-sync-v0 2.3.5+1802ada577
	   |-- fabric-renderer-api-v1 3.2.2+1802ada577
	   |-- fabric-renderer-indigo 1.5.3+85287f9f77
	   |-- fabric-renderer-registries-v1 3.2.47+df3654b377
	   |-- fabric-rendering-data-attachment-v1 0.3.39+92a0d36777
	   |-- fabric-rendering-fluids-v1 3.0.29+1802ada577
	   |-- fabric-rendering-v0 1.1.50+df3654b377
	   |-- fabric-rendering-v1 3.0.9+1802ada577
	   |-- fabric-resource-conditions-api-v1 2.3.9+1802ada577
	   |-- fabric-resource-loader-v0 0.11.12+fb82e9d777
	   |-- fabric-screen-api-v1 2.0.9+1802ada577
	   |-- fabric-screen-handler-api-v1 1.3.32+1802ada577
	   |-- fabric-sound-api-v1 1.0.14+1802ada577
	   |-- fabric-transfer-api-v1 3.3.6+8dd72ea377
	   \-- fabric-transitive-access-wideners-v1 4.3.2+1802ada577
	- fabricloader 0.16.14
	   \-- mixinextras 0.4.1
	- farm_and_charm 1.0.6
	- geckolib 4.7.1.2
	   \-- com_eliotlash_mclib_mclib 20
	- glitchcore 0.0.1.1
	   |-- com_electronwill_night-config_core 3.6.7
	   |-- com_electronwill_night-config_toml 3.6.7
	   \-- net_jodah_typetools 0.6.3
	- java 17
	- minecraft 1.20.1
	- naturalist 5.0pre2
	   \-- midnightlib 1.4.1
	- niftycarts 20.1.3
	- overweight_farming 1.20.1-2.0.3-fabric
	   \-- midnightlib 1.4.1
	- sophisticatedbackpacks 1.20.1-3.23.4.1.95
	- sophisticatedcore 1.20.1-1.2.7.2.139
	   |-- forgeconfigapiport 8.0.0
	   |-- porting_lib_extensions 2.3.2+1.20.1
	   |    |-- porting_lib_accessors 2.3.2+1.20.1
	   |    |-- porting_lib_common 2.3.2+1.20.1
	   |    \-- reach-entity-attributes 2.4.0
	   |-- porting_lib_fluids 2.3.2+1.20.1
	   |-- porting_lib_loot 2.3.2+1.20.1
	   |    \-- porting_lib_lazy_registration 2.3.2+1.20.1
	   |-- porting_lib_model_loader 2.3.2+1.20.1
	   |-- porting_lib_networking 2.3.2+1.20.1
	   |-- porting_lib_tool_actions 2.3.2+1.20.1
	   |-- porting_lib_transfer 2.3.2+1.20.1
	   \-- team_reborn_energy 3.0.0
	- terrablender 3.0.1.10
	   |-- com_electronwill_night-config_core 3.6.7
	   \-- com_electronwill_night-config_toml 3.6.7
	- waystones 14.1.11
	- yungsapi 1.20-Fabric-4.0.6
	   |-- org_javassist_javassist 3.29.2-GA
	   \-- org_reflections_reflections 0.10.2
[03:12:42] [main/INFO]: SpongePowered MIXIN Subsystem Version=0.8.7 Source=file:/workspaces/minecraft/servidor_minecraft/libraries/net/fabricmc/sponge-mixin/0.15.5+mixin.0.8.7/sponge-mixin-0.15.5+mixin.0.8.7.jar Service=Knot/Fabric Env=SERVER
[03:12:42] [main/INFO]: Compatibility level set to JAVA_17
[03:12:43] [main/WARN]: Error loading class: net/minecraft/class_906 (java.lang.ClassNotFoundException: net/minecraft/class_906)
[03:12:43] [main/WARN]: @Mixin target net.minecraft.class_906 was not found porting_lib_tool_actions.mixins.json:FishingHookRendererMixin from mod porting_lib_tool_actions
[03:12:43] [main/WARN]: Error loading class: net/fabricmc/fabric/api/client/rendering/v1/EntityModelLayerRegistry$TexturedModelDataProvider (java.lang.ClassNotFoundException: net/fabricmc/fabric/api/client/rendering/v1/EntityModelLayerRegistry$TexturedModelDataProvider)
[03:12:43] [main/INFO]: Initializing MixinExtras via com.llamalad7.mixinextras.service.MixinExtrasServiceImpl(version=0.4.1).
[03:12:45] [main/WARN]: @Inject(@At("INVOKE")) Shift.BY=1 on crittersandcompanions.mixins.json:LivingEntityMixin from mod crittersandcompanions::handler$zeb000$crittersandcompanions$onDie exceeds the maximum allowed value: 0. Increase the value of maxShiftBy to suppress this warning.
[03:12:45] [main/WARN]: @Inject(@At("INVOKE")) Shift.BY=2 on porting_lib_entity.mixins.json:common.LivingEntityMixin from mod porting_lib_entity::handler$zom000$porting_lib_entity$port_lib$onFinishUsing exceeds the maximum allowed value: 0. Increase the value of maxShiftBy to suppress this warning.
[03:12:52] [main/ERROR]: No data fixer registered for bakery:wandering_baker
[03:12:53] [main/ERROR]: No data fixer registered for dragonfly
[03:12:53] [main/ERROR]: No data fixer registered for dumbo_octopus
[03:12:53] [main/ERROR]: No data fixer registered for ferret
[03:12:53] [main/ERROR]: No data fixer registered for jumping_spider
[03:12:53] [main/ERROR]: No data fixer registered for koi_fish
[03:12:53] [main/ERROR]: No data fixer registered for leaf_insect
[03:12:53] [main/ERROR]: No data fixer registered for otter
[03:12:53] [main/ERROR]: No data fixer registered for red_panda
[03:12:53] [main/ERROR]: No data fixer registered for sea_bunny
[03:12:53] [main/ERROR]: No data fixer registered for shima_enaga
[03:12:53] [main/ERROR]: No data fixer registered for doapi:chair
[03:12:55] [main/ERROR]: No data fixer registered for farm_and_charm:rotten_tomato
[03:12:55] [main/ERROR]: No data fixer registered for farm_and_charm:supply_cart
[03:12:55] [main/ERROR]: No data fixer registered for farm_and_charm:plow
[03:12:55] [main/ERROR]: No data fixer registered for farm_and_charm:chair
[03:12:55] [main/ERROR]: No data fixer registered for biomesoplenty:boat
[03:12:55] [main/ERROR]: No data fixer registered for biomesoplenty:chest_boat
[03:12:55] [main/ERROR]: No data fixer registered for anomaly
[03:12:56] [main/ERROR]: No data fixer registered for 
[03:12:56] [main/INFO]: Registered region minecraft:overworld to index 0 for type OVERWORLD
[03:12:56] [main/INFO]: Registered region minecraft:nether to index 0 for type NETHER
[03:12:56] [main/INFO]: Registered region biomesoplenty:overworld_primary to index 1 for type OVERWORLD
[03:12:56] [main/INFO]: Registered region biomesoplenty:overworld_secondary to index 2 for type OVERWORLD
[03:12:56] [main/INFO]: Registered region biomesoplenty:overworld_rare to index 3 for type OVERWORLD
[03:12:56] [main/INFO]: Registered region biomesoplenty:nether_common to index 1 for type NETHER
[03:12:56] [main/INFO]: Registered region biomesoplenty:nether_rare to index 2 for type NETHER
[03:12:56] [main/INFO]: Reflections took 41 ms to scan 1 urls, producing 1 keys and 4 values
[03:12:56] [main/INFO]: Reflections took 4 ms to scan 1 urls, producing 1 keys and 4 values
[03:12:56] [main/INFO]: Environment: authHost='https://authserver.mojang.com', accountsHost='https://api.mojang.com', sessionHost='https://sessionserver.mojang.com', servicesHost='https://api.minecraftservices.com', name='PROD'
[03:12:58] [Worker-Main-2/ERROR]: Couldn't parse element loot_tables:naturalist:entities/tortoise
com.google.gson.JsonSyntaxException: Expected name to be an item, was unknown string 'minecraft:turtle_scute'
	at net.minecraft.class_3518.method_17995(class_3518.java:145) ~[server-intermediary.jar:?]
	at java.util.Optional.orElseThrow(Optional.java:403) ~[?:?]
	at net.minecraft.class_3518.method_15256(class_3518.java:145) ~[server-intermediary.jar:?]
	at net.minecraft.class_3518.method_15288(class_3518.java:153) ~[server-intermediary.jar:?]
	at net.minecraft.class_77$class_78.method_413(class_77.java:55) ~[server-intermediary.jar:?]
	at net.minecraft.class_77$class_78.method_443(class_77.java:40) ~[server-intermediary.jar:?]
	at net.minecraft.class_85$class_90.method_441(class_85.java:151) ~[server-intermediary.jar:?]
	at net.minecraft.class_85$class_90.method_424(class_85.java:129) ~[server-intermediary.jar:?]
	at net.minecraft.class_79$class_5337.method_29319(class_79.java:86) ~[server-intermediary.jar:?]
	at net.minecraft.class_79$class_5337.method_517(class_79.java:74) ~[server-intermediary.jar:?]
	at net.minecraft.class_5330$class_5333.deserialize(class_5330.java:102) ~[server-intermediary.jar:?]
	at com.google.gson.internal.bind.TreeTypeAdapter.read(TreeTypeAdapter.java:76) ~[gson-2.10.jar:?]
	at com.google.gson.internal.bind.TypeAdapterRuntimeTypeWrapper.read(TypeAdapterRuntimeTypeWrapper.java:40) ~[gson-2.10.jar:?]
	at com.google.gson.internal.bind.ArrayTypeAdapter.read(ArrayTypeAdapter.java:72) ~[gson-2.10.jar:?]
	at com.google.gson.Gson.fromJson(Gson.java:1214) ~[gson-2.10.jar:?]
	at com.google.gson.Gson.fromJson(Gson.java:1319) ~[gson-2.10.jar:?]
	at com.google.gson.Gson.fromJson(Gson.java:1290) ~[gson-2.10.jar:?]
	at com.google.gson.internal.bind.TreeTypeAdapter$GsonContextImpl.deserialize(TreeTypeAdapter.java:179) ~[gson-2.10.jar:?]
	at net.minecraft.class_3518.method_15291(class_3518.java:463) ~[server-intermediary.jar:?]
	at net.minecraft.class_3518.method_15272(class_3518.java:471) ~[server-intermediary.jar:?]
	at net.minecraft.class_55$class_57.method_358(class_55.java:173) ~[server-intermediary.jar:?]
	at net.minecraft.class_55$class_57.deserialize(class_55.java:169) ~[server-intermediary.jar:?]
	at com.google.gson.internal.bind.TreeTypeAdapter.read(TreeTypeAdapter.java:76) ~[gson-2.10.jar:?]
	at com.google.gson.internal.bind.TypeAdapterRuntimeTypeWrapper.read(TypeAdapterRuntimeTypeWrapper.java:40) ~[gson-2.10.jar:?]
	at com.google.gson.internal.bind.ArrayTypeAdapter.read(ArrayTypeAdapter.java:72) ~[gson-2.10.jar:?]
	at com.google.gson.Gson.fromJson(Gson.java:1214) ~[gson-2.10.jar:?]
	at com.google.gson.Gson.fromJson(Gson.java:1319) ~[gson-2.10.jar:?]
	at com.google.gson.Gson.fromJson(Gson.java:1290) ~[gson-2.10.jar:?]
	at com.google.gson.internal.bind.TreeTypeAdapter$GsonContextImpl.deserialize(TreeTypeAdapter.java:179) ~[gson-2.10.jar:?]
	at net.minecraft.class_3518.method_15291(class_3518.java:463) ~[server-intermediary.jar:?]
	at net.minecraft.class_3518.method_15283(class_3518.java:481) ~[server-intermediary.jar:?]
	at net.minecraft.class_52$class_54.method_340(class_52.java:250) ~[server-intermediary.jar:?]
	at net.minecraft.class_52$class_54.deserialize(class_52.java:246) ~[server-intermediary.jar:?]
	at com.google.gson.internal.bind.TreeTypeAdapter.read(TreeTypeAdapter.java:76) ~[gson-2.10.jar:?]
	at com.google.gson.Gson.fromJson(Gson.java:1214) ~[gson-2.10.jar:?]
	at com.google.gson.Gson.fromJson(Gson.java:1319) ~[gson-2.10.jar:?]
	at com.google.gson.Gson.fromJson(Gson.java:1261) ~[gson-2.10.jar:?]
	at net.minecraft.class_8490.method_51205(class_8490.java:64) ~[server-intermediary.jar:?]
	at net.minecraft.class_8490.method_51204(class_8490.java:48) ~[server-intermediary.jar:?]
	at net.minecraft.class_60.method_51195(class_60.java:55) ~[server-intermediary.jar:?]
	at java.util.HashMap.forEach(HashMap.java:1421) ~[?:?]
	at net.minecraft.class_60.method_51189(class_60.java:55) ~[server-intermediary.jar:?]
	at java.util.concurrent.CompletableFuture$AsyncRun.run(CompletableFuture.java:1804) ~[?:?]
	at java.util.concurrent.CompletableFuture$AsyncRun.exec(CompletableFuture.java:1796) ~[?:?]
	at java.util.concurrent.ForkJoinTask.doExec(ForkJoinTask.java:373) ~[?:?]
	at java.util.concurrent.ForkJoinPool$WorkQueue.topLevelExec(ForkJoinPool.java:1182) ~[?:?]
	at java.util.concurrent.ForkJoinPool.scan(ForkJoinPool.java:1655) ~[?:?]
	at java.util.concurrent.ForkJoinPool.runWorker(ForkJoinPool.java:1622) ~[?:?]
	at java.util.concurrent.ForkJoinWorkerThread.run(ForkJoinWorkerThread.java:165) ~[?:?]
[03:12:58] [main/INFO]: Loaded 18 recipes
[03:12:58] [main/ERROR]: Parsing error loading custom advancement overweight_farming:husbandry/peel_overweight_onion: Failed to parse 'location' field
[03:12:58] [main/ERROR]: Parsing error loading custom advancement overweight_farming:husbandry/unpeel_vegetables: Failed to parse 'location' field
[03:12:58] [main/INFO]: Loaded 2047 advancements
[03:13:00] [main/INFO]: Initialized TerraBlender biomes for level stem minecraft:the_nether
[03:13:01] [main/INFO]: Initialized TerraBlender biomes for level stem minecraft:overworld
[03:13:01] [main/INFO]: Applied 1022 biome modifications to 134 of 134 new biomes in 28.83 ms
[03:13:01] [Server thread/ERROR]: Registry 'terraform:boat' was empty after loading
[03:13:01] [Server thread/INFO]: Starting minecraft server version 1.20.1
[03:13:01] [Server thread/INFO]: Loading properties
[03:13:01] [Server thread/INFO]: Default game type: SURVIVAL
[03:13:01] [Server thread/INFO]: Generating keypair
[03:13:01] [Server thread/INFO]: Starting Minecraft server on *:25565
[03:13:01] [Server thread/INFO]: Using epoll channel type
[03:13:01] [Server thread/WARN]: **** SERVER IS RUNNING IN OFFLINE/INSECURE MODE!
[03:13:01] [Server thread/WARN]: The server will make no attempt to authenticate usernames. Beware.
[03:13:01] [Server thread/WARN]: While this makes the game possible to play without internet access, it also opens up the ability for hackers to connect with any username they choose.
[03:13:01] [Server thread/WARN]: To change this, set "online-mode" to "true" in the server.properties file.
[03:13:01] [Server thread/INFO]: Preparing level "Mundito"
[03:13:11] [Server thread/INFO]: Preparing start region for dimension minecraft:overworld
[03:13:12] [Worker-Main-3/INFO]: Preparing spawn area: 0%
[03:13:12] [Worker-Main-1/INFO]: Preparing spawn area: 0%
[03:13:12] [Worker-Main-3/INFO]: Preparing spawn area: 0%
[03:13:13] [Worker-Main-1/INFO]: Preparing spawn area: 0%
[03:13:13] [Worker-Main-2/INFO]: Preparing spawn area: 0%
[03:13:14] [Worker-Main-3/INFO]: Preparing spawn area: 0%
[03:13:14] [Worker-Main-1/INFO]: Preparing spawn area: 1%
[03:13:15] [Worker-Main-3/INFO]: Preparing spawn area: 1%
[03:13:15] [Worker-Main-3/INFO]: Preparing spawn area: 2%
[03:13:16] [Worker-Main-3/INFO]: Preparing spawn area: 3%
[03:13:16] [Worker-Main-2/INFO]: Preparing spawn area: 4%
[03:13:17] [Worker-Main-1/INFO]: Preparing spawn area: 5%
[03:13:17] [Worker-Main-3/INFO]: Preparing spawn area: 6%
[03:13:18] [Worker-Main-1/INFO]: Preparing spawn area: 8%
[03:13:18] [Worker-Main-2/INFO]: Preparing spawn area: 9%
[03:13:19] [Worker-Main-1/INFO]: Preparing spawn area: 11%
[03:13:19] [Worker-Main-2/INFO]: Preparing spawn area: 13%
[03:13:20] [Worker-Main-1/INFO]: Preparing spawn area: 15%
[03:13:20] [Worker-Main-1/INFO]: Preparing spawn area: 15%
[03:13:21] [Worker-Main-3/INFO]: Preparing spawn area: 17%
[03:13:21] [Worker-Main-3/INFO]: Preparing spawn area: 19%
[03:13:22] [Worker-Main-1/INFO]: Preparing spawn area: 22%
[03:13:22] [Worker-Main-2/INFO]: Preparing spawn area: 22%
[03:13:23] [Worker-Main-3/INFO]: Preparing spawn area: 24%
[03:13:23] [Worker-Main-1/INFO]: Preparing spawn area: 26%
[03:13:24] [Worker-Main-3/INFO]: Preparing spawn area: 28%
[03:13:24] [Worker-Main-1/INFO]: Preparing spawn area: 30%
[03:13:25] [Worker-Main-2/INFO]: Preparing spawn area: 31%
[03:13:25] [Worker-Main-1/INFO]: Preparing spawn area: 32%
[03:13:26] [Worker-Main-1/INFO]: Preparing spawn area: 34%
[03:13:26] [Worker-Main-1/INFO]: Preparing spawn area: 37%
[03:13:27] [Worker-Main-1/INFO]: Preparing spawn area: 40%
[03:13:27] [Worker-Main-3/INFO]: Preparing spawn area: 42%
[03:13:28] [Worker-Main-3/INFO]: Preparing spawn area: 43%
[03:13:28] [Worker-Main-3/INFO]: Preparing spawn area: 45%
[03:13:29] [Worker-Main-2/INFO]: Preparing spawn area: 48%
[03:13:29] [Worker-Main-3/INFO]: Preparing spawn area: 51%
[03:13:30] [Worker-Main-2/INFO]: Preparing spawn area: 54%
[03:13:30] [Worker-Main-1/INFO]: Preparing spawn area: 55%
[03:13:31] [Worker-Main-1/INFO]: Preparing spawn area: 58%
[03:13:31] [Worker-Main-1/INFO]: Preparing spawn area: 60%
[03:13:32] [Worker-Main-1/INFO]: Preparing spawn area: 62%
[03:13:32] [Worker-Main-3/INFO]: Preparing spawn area: 66%
[03:13:33] [Worker-Main-3/INFO]: Preparing spawn area: 68%
[03:13:33] [Worker-Main-1/INFO]: Preparing spawn area: 69%
[03:13:34] [Worker-Main-3/INFO]: Preparing spawn area: 71%
[03:13:34] [Worker-Main-3/INFO]: Preparing spawn area: 74%
[03:13:35] [Worker-Main-3/INFO]: Preparing spawn area: 75%
[03:13:35] [Worker-Main-1/INFO]: Preparing spawn area: 78%
[03:13:36] [Worker-Main-2/INFO]: Preparing spawn area: 81%
[03:13:36] [Worker-Main-1/INFO]: Preparing spawn area: 83%
[03:13:37] [Worker-Main-3/INFO]: Preparing spawn area: 85%
[03:13:37] [Worker-Main-3/INFO]: Preparing spawn area: 88%
[03:13:38] [Worker-Main-2/INFO]: Preparing spawn area: 89%
[03:13:38] [Worker-Main-1/INFO]: Preparing spawn area: 92%
[03:13:39] [Worker-Main-3/INFO]: Preparing spawn area: 95%
[03:13:39] [Worker-Main-1/INFO]: Preparing spawn area: 98%
[03:13:40] [Server thread/INFO]: Time elapsed: 28325 ms
[03:13:40] [Server thread/INFO]: Done (38.075s)! For help, type "help"
[03:14:23] [Server thread/INFO]: Jonathanssito[/127.225.88.44:42231] logged in with entity id 278 at (-39.5, 68.0, -8.5)
[03:14:23] [Server thread/INFO]: Jonathanssito joined the game
[03:14:40] [Server thread/INFO]: Jireew[/127.193.65.128:50331] logged in with entity id 461 at (-45.5, 74.0, -9.5)
[03:14:40] [Server thread/INFO]: Jireew joined the game
[03:15:10] [Server thread/INFO]: Jireew lost connection: Timed out
[03:15:10] [Server thread/INFO]: Jireew left the game
[03:15:54] [Server thread/INFO]: Jireew[/127.193.65.128:36777] logged in with entity id 622 at (-45.5, 74.0, -9.5)
[03:15:54] [Server thread/INFO]: Jireew joined the game
[03:16:24] [Server thread/INFO]: Jireew lost connection: Timed out
[03:16:24] [Server thread/INFO]: Jireew left the game
[03:18:35] [Server thread/INFO]: Jireew[/127.193.65.128:52455] logged in with entity id 883 at (-45.5, 74.0, -9.5)
[03:18:35] [Server thread/INFO]: Jireew joined the game
[03:19:06] [Server thread/INFO]: Jireew lost connection: Timed out
[03:19:06] [Server thread/INFO]: Jireew left the game
[03:19:31] [Server thread/INFO]: Jonathanssito lost connection: Disconnected
[03:19:31] [Server thread/INFO]: Jonathanssito left the game
[03:20:41] [Server thread/INFO]: Jireew[/127.193.65.128:36895] logged in with entity id 965 at (-45.5, 74.0, -9.5)
[03:20:41] [Server thread/INFO]: Jireew joined the game
[03:21:28] [Server thread/INFO]: Jonathanssito[/127.225.88.44:58135] logged in with entity id 1045 at (-38.1299654465704, 68.0, -4.435654466828554)
[03:21:28] [Server thread/INFO]: Jonathanssito joined the game
[03:22:28] [Server thread/INFO]: [Not Secure] <Jonathanssito> ola amor <3
